
> crm-batepapo@0.1.0 build
> next build

Ôû▓ Next.js 16.1.1 (Turbopack)
- Environments: .env.local
- Experiments (use with caution):
  ┬À serverActions

node.exe : ÔÜá The "middleware" file convention 
is deprecated. Please use "proxy" instead. Learn 
more: https://nextjs.org/docs/messages/middleware-
to-proxy
No C:\Program Files\nodejs\npm.ps1:29 caractere:3
+   & $NODE_EXE $NPM_CLI_JS $args
+   ~~~~~~~~~~~~~~~~~~~~~~~~~~~~~
    + CategoryInfo          : NotSpecified: (ÔÜá  
   The "middle...leware-to-proxy:String) [], Rem  
  oteException
    + FullyQualifiedErrorId : NativeCommandError
 
  Creating an optimized production build ...
Ô£ô Compiled successfully in 3.2s
  Running TypeScript ...
Failed to compile.

./src/app/api/whatsapp/webhook/route.ts:221:22
Type error: Variable 'contactId' is used before 
being assigned.

[0m [90m 219 |[39m                 [90m// 
Create new contact if not found[39m
 [90m 220 |[39m                 [90m// Create 
new contact if not found[39m
[31m[1m>[22m[39m[90m 221 |[39m              
   [36mif[39m ([33m![39mcontactId) {
 [90m     |[39m                      
[31m[1m^[22m[39m
 [90m 222 |[39m                     
console[33m.[39mlog([32m'Creating new 
contact...'[39m)
 [90m 223 |[39m                     
[36mconst[39m { data[33m:[39m 
newContact[33m,[39m error } [33m=[39m 
[36mawait[39m supabase
 [90m 224 |[39m                         [33m.[
39m[36mfrom[39m([32m'contacts'[39m)[0m
Next.js build worker exited with code: 1 and 
signal: null
